{
  "format": "DWIRO001",
  "count": 4,
  "output_width": 16,
  "statuses": [
    0,
    0,
    0,
    0
  ],
  "all_status_ok": true,
  "nonfinite_output_values": 0,
  "outputs": [
    [
      0.43512019515037537,
      0.559435248374939,
      0.0,
      0.0,
      0.0,
      0.0,
      -0.43512019515037537,
      0.44056475162506104,
      0.0,
      0.44056475162506104,
      0.43921470642089844,
      -0.06078529357910156,
      -0.49229106307029724,
      0.5035658478736877,
      -0.38270893692970276,
      0.24643409252166748
    ],
    [
      0.43512019515037537,
      0.559435248374939,
      0.0,
      0.0625,
      0.0,
      1.0,
      -0.37262019515037537,
      0.44056475162506104,
      0.0,
      0.44056475162506104,
      0.39701223373413086,
      0.02201223373413086,
      -0.25275129079818726,
      0.4999696910381317,
      -0.24724869430065155,
      0.2500302791595459
    ],
    [
      0.43512019515037537,
      0.559435248374939,
      0.0,
      0.125,
      0.375,
      0.0,
      -0.31012019515037537,
      -0.18443524837493896,
      0.0,
      -0.18443524837493896,
      0.18081974983215332,
      0.18081974983215332,
      -0.26942262053489685,
      0.4642428159713745,
      0.14442260563373566,
      0.2857571542263031
    ],
    [
      0.43512019515037537,
      0.559435248374939,
      0.0,
      0.125,
      0.375,
      0.0,
      -0.31012019515037537,
      -0.18443524837493896,
      0.0,
      -0.18443524837493896,
      0.18081974983215332,
      0.18081974983215332,
      -0.26942262053489685,
      0.4642428159713745,
      0.14442260563373566,
      0.2857571542263031
    ]
  ],
  "output_bits": [
    [
      1054787603,
      1057961766,
      0,
      0,
      0,
      0,
      3202271251,
      1054970292,
      0,
      1054970292,
      1054924992,
      3178822144,
      3204189587,
      1057024433,
      3200512621,
      1048336696
    ],
    [
      1054787603,
      1057961766,
      0,
      1031798784,
      0,
      1065353216,
      3200174099,
      1054970292,
      0,
      1054970292,
      1053508912,
      1018450688,
      3196151966,
      1056963591,
      3195875011,
      1048577016
    ],
    [
      1054787603,
      1057961766,
      0,
      1040187392,
      1052770304,
      0,
      3198076947,
      3191659672,
      0,
      3191659672,
      1043933392,
      1043933392,
      3196711363,
      1055764796,
      1041490821,
      1049775811
    ],
    [
      1054787603,
      1057961766,
      0,
      1040187392,
      1052770304,
      0,
      3198076947,
      3191659672,
      0,
      3191659672,
      1043933392,
      1043933392,
      3196711363,
      1055764796,
      1041490821,
      1049775811
    ]
  ],
  "sha256": "65aad95ba7aa287dad8d2910753b2cc7184f320a7d449eb4274788cca272474d",
  "output_names": [
    "anchor_u",
    "anchor_v",
    "anchor_orientation",
    "query_u",
    "query_v",
    "query_orientation",
    "local_dx",
    "local_dy",
    "local_lift_m",
    "local_anchor_frame_y",
    "field_distance",
    "effective_phase",
    "ar",
    "ai",
    "br",
    "bi"
  ],
  "named_outputs": [
    {
      "anchor_u": 0.43512019515037537,
      "anchor_v": 0.559435248374939,
      "anchor_orientation": 0.0,
      "query_u": 0.0,
      "query_v": 0.0,
      "query_orientation": 0.0,
      "local_dx": -0.43512019515037537,
      "local_dy": 0.44056475162506104,
      "local_lift_m": 0.0,
      "local_anchor_frame_y": 0.44056475162506104,
      "field_distance": 0.43921470642089844,
      "effective_phase": -0.06078529357910156,
      "ar": -0.49229106307029724,
      "ai": 0.5035658478736877,
      "br": -0.38270893692970276,
      "bi": 0.24643409252166748
    },
    {
      "anchor_u": 0.43512019515037537,
      "anchor_v": 0.559435248374939,
      "anchor_orientation": 0.0,
      "query_u": 0.0625,
      "query_v": 0.0,
      "query_orientation": 1.0,
      "local_dx": -0.37262019515037537,
      "local_dy": 0.44056475162506104,
      "local_lift_m": 0.0,
      "local_anchor_frame_y": 0.44056475162506104,
      "field_distance": 0.39701223373413086,
      "effective_phase": 0.02201223373413086,
      "ar": -0.25275129079818726,
      "ai": 0.4999696910381317,
      "br": -0.24724869430065155,
      "bi": 0.2500302791595459
    },
    {
      "anchor_u": 0.43512019515037537,
      "anchor_v": 0.559435248374939,
      "anchor_orientation": 0.0,
      "query_u": 0.125,
      "query_v": 0.375,
      "query_orientation": 0.0,
      "local_dx": -0.31012019515037537,
      "local_dy": -0.18443524837493896,
      "local_lift_m": 0.0,
      "local_anchor_frame_y": -0.18443524837493896,
      "field_distance": 0.18081974983215332,
      "effective_phase": 0.18081974983215332,
      "ar": -0.26942262053489685,
      "ai": 0.4642428159713745,
      "br": 0.14442260563373566,
      "bi": 0.2857571542263031
    },
    {
      "anchor_u": 0.43512019515037537,
      "anchor_v": 0.559435248374939,
      "anchor_orientation": 0.0,
      "query_u": 0.125,
      "query_v": 0.375,
      "query_orientation": 0.0,
      "local_dx": -0.31012019515037537,
      "local_dy": -0.18443524837493896,
      "local_lift_m": 0.0,
      "local_anchor_frame_y": -0.18443524837493896,
      "field_distance": 0.18081974983215332,
      "effective_phase": 0.18081974983215332,
      "ar": -0.26942262053489685,
      "ai": 0.4642428159713745,
      "br": 0.14442260563373566,
      "bi": 0.2857571542263031
    }
  ],
  "nonfinite_presentation": "Nonfinite values display as null; output_bits retain the exact returned words."
}
