Change Dir: 'C:/DawnwoodInteractive/Dawnwood_GPU_Kernels_GTX1650Ti_POCO_X7_Pro_v0.3/Dawnwood_GPU_v0.3/build'

Run Build Command(s): "C:/Program Files (x86)/Microsoft Visual Studio/2022/BuildTools/MSBuild/Current/Bin/amd64/MSBuild.exe" ALL_BUILD.vcxproj /p:Configuration=Release /p:Platform=x64 /p:VisualStudioVersion=17.0 /m:1 /v:n
MSBuild version 17.14.40+3e7442088 for .NET Framework
Build started 9/23/2026 7:16:54 AM.

Project "C:\DawnwoodInteractive\Dawnwood_GPU_Kernels_GTX1650Ti_POCO_X7_Pro_v0.3\Dawnwood_GPU_v0.3\build\ALL_BUILD.vcxproj" on node 1 (default targets).
Project "C:\DawnwoodInteractive\Dawnwood_GPU_Kernels_GTX1650Ti_POCO_X7_Pro_v0.3\Dawnwood_GPU_v0.3\build\ALL_BUILD.vcxproj" (1) is building "C:\DawnwoodInteractive\Dawnwood_GPU_Kernels_GTX1650Ti_POCO_X7_Pro_v0.3\Dawnwood_GPU_v0.3\build\ZERO_CHECK.vcxproj" (2) on node 1 (default targets).
PrepareForBuild:
  Structured output is enabled. The formatting of compiler diagnostics will reflect the error hierarchy. See https://aka.ms/cpp/structured-output for more details.
InitializeBuildStatus:
  Creating "x64\Release\ZERO_CHECK\ZERO_CHECK.tlog\unsuccessfulbuild" because "AlwaysCreate" was specified.
  Touching "x64\Release\ZERO_CHECK\ZERO_CHECK.tlog\unsuccessfulbuild".
CustomBuild:
  All outputs are up-to-date.
  1>Checking Build System
FinalizeBuildStatus:
  Deleting file "x64\Release\ZERO_CHECK\ZERO_CHECK.tlog\unsuccessfulbuild".
  Touching "x64\Release\ZERO_CHECK\ZERO_CHECK.tlog\ZERO_CHECK.lastbuildstate".
Done Building Project "C:\DawnwoodInteractive\Dawnwood_GPU_Kernels_GTX1650Ti_POCO_X7_Pro_v0.3\Dawnwood_GPU_v0.3\build\ZERO_CHECK.vcxproj" (default targets).
Project "C:\DawnwoodInteractive\Dawnwood_GPU_Kernels_GTX1650Ti_POCO_X7_Pro_v0.3\Dawnwood_GPU_v0.3\build\ALL_BUILD.vcxproj" (1) is building "C:\DawnwoodInteractive\Dawnwood_GPU_Kernels_GTX1650Ti_POCO_X7_Pro_v0.3\Dawnwood_GPU_v0.3\build\dawnwood.vcxproj" (3) on node 1 (default targets).
Project "C:\DawnwoodInteractive\Dawnwood_GPU_Kernels_GTX1650Ti_POCO_X7_Pro_v0.3\Dawnwood_GPU_v0.3\build\dawnwood.vcxproj" (3) is building "C:\DawnwoodInteractive\Dawnwood_GPU_Kernels_GTX1650Ti_POCO_X7_Pro_v0.3\Dawnwood_GPU_v0.3\build\dawnwood_core.vcxproj" (4) on node 1 (default targets).
PrepareForBuild:
  Structured output is enabled. The formatting of compiler diagnostics will reflect the error hierarchy. See https://aka.ms/cpp/structured-output for more details.
InitializeBuildStatus:
  Touching "dawnwood_core.dir\Release\dawnwood_core.tlog\unsuccessfulbuild".
CustomBuild:
  All outputs are up-to-date.
  Building Custom Rule C:/DawnwoodInteractive/Dawnwood_GPU_Kernels_GTX1650Ti_POCO_X7_Pro_v0.3/Dawnwood_GPU_v0.3/CMakeLists.txt
ClCompile:
  C:\Program Files (x86)\Microsoft Visual Studio\2022\BuildTools\VC\Tools\MSVC\14.44.35207\bin\HostX64\x64\CL.exe /c /IC:\DawnwoodInteractive\Dawnwood_GPU_Kernels_GTX1650Ti_POCO_X7_Pro_v0.3\Dawnwood_GPU_v0.3\include /IC:\DawnwoodInteractive\Dawnwood_GPU_Kernels_GTX1650Ti_POCO_X7_Pro_v0.3\Dawnwood_GPU_v0.3\src /nologo /W4 /WX- /diagnostics:column /O2 /Ob2 /D _MBCS /D WIN32 /D _WINDOWS /D NDEBUG /D "CMAKE_INTDIR=\"Release\"" /EHsc /MD /GS /fp:strict /Zc:wchar_t /Zc:forScope /Zc:inline /std:c++17 /Fo"dawnwood_core.dir\Release\\" /Fd"C:\DawnwoodInteractive\Dawnwood_GPU_Kernels_GTX1650Ti_POCO_X7_Pro_v0.3\Dawnwood_GPU_v0.3\build\Release\dawnwood_core.pdb" /external:W0 /Gd /TP /errorReport:queue  /external:I "C:/DawnwoodInteractive/tmp/validation_v04/include" C:\DawnwoodInteractive\Dawnwood_GPU_Kernels_GTX1650Ti_POCO_X7_Pro_v0.3\Dawnwood_GPU_v0.3\src\vulkan.cpp
  vulkan.cpp
C:\DawnwoodInteractive\Dawnwood_GPU_Kernels_GTX1650Ti_POCO_X7_Pro_v0.3\Dawnwood_GPU_v0.3\src\vulkan.cpp(109,12): warning C4458: declaration of 'p' hides class member [C:\DawnwoodInteractive\Dawnwood_GPU_Kernels_GTX1650Ti_POCO_X7_Pro_v0.3\Dawnwood_GPU_v0.3\build\dawnwood_core.vcxproj]
      C:\DawnwoodInteractive\Dawnwood_GPU_Kernels_GTX1650Ti_POCO_X7_Pro_v0.3\Dawnwood_GPU_v0.3\include\runtime.hpp(13,36):
      see declaration of 'VulkanRuntime::p'
  
C:\DawnwoodInteractive\Dawnwood_GPU_Kernels_GTX1650Ti_POCO_X7_Pro_v0.3\Dawnwood_GPU_v0.3\src\vulkan.cpp(72,11): warning C4996: 'getenv': This function or variable may be unsafe. Consider using _dupenv_s instead. To disable deprecation, use _CRT_SECURE_NO_WARNINGS. See online help for details. [C:\DawnwoodInteractive\Dawnwood_GPU_Kernels_GTX1650Ti_POCO_X7_Pro_v0.3\Dawnwood_GPU_v0.3\build\dawnwood_core.vcxproj]
Lib:
  C:\Program Files (x86)\Microsoft Visual Studio\2022\BuildTools\VC\Tools\MSVC\14.44.35207\bin\HostX64\x64\Lib.exe /OUT:"C:\DawnwoodInteractive\Dawnwood_GPU_Kernels_GTX1650Ti_POCO_X7_Pro_v0.3\Dawnwood_GPU_v0.3\build\Release\dawnwood_core.lib" /NOLOGO /MACHINE:X64  /machine:x64 dawnwood_core.dir\Release\cpu.obj
  dawnwood_core.dir\Release\vulkan.obj
  dawnwood_core.dir\Release\driver.obj
  dawnwood_core.vcxproj -> C:\DawnwoodInteractive\Dawnwood_GPU_Kernels_GTX1650Ti_POCO_X7_Pro_v0.3\Dawnwood_GPU_v0.3\build\Release\dawnwood_core.lib
FinalizeBuildStatus:
  Deleting file "dawnwood_core.dir\Release\dawnwood_core.tlog\unsuccessfulbuild".
  Touching "dawnwood_core.dir\Release\dawnwood_core.tlog\dawnwood_core.lastbuildstate".
Done Building Project "C:\DawnwoodInteractive\Dawnwood_GPU_Kernels_GTX1650Ti_POCO_X7_Pro_v0.3\Dawnwood_GPU_v0.3\build\dawnwood_core.vcxproj" (default targets).
PrepareForBuild:
  Structured output is enabled. The formatting of compiler diagnostics will reflect the error hierarchy. See https://aka.ms/cpp/structured-output for more details.
InitializeBuildStatus:
  Creating "dawnwood.dir\Release\dawnwood.tlog\unsuccessfulbuild" because "AlwaysCreate" was specified.
  Touching "dawnwood.dir\Release\dawnwood.tlog\unsuccessfulbuild".
CustomBuild:
  All outputs are up-to-date.
  Building Custom Rule C:/DawnwoodInteractive/Dawnwood_GPU_Kernels_GTX1650Ti_POCO_X7_Pro_v0.3/Dawnwood_GPU_v0.3/CMakeLists.txt
ClCompile:
  All outputs are up-to-date.
Link:
  C:\Program Files (x86)\Microsoft Visual Studio\2022\BuildTools\VC\Tools\MSVC\14.44.35207\bin\HostX64\x64\link.exe /ERRORREPORT:QUEUE /OUT:"C:\DawnwoodInteractive\Dawnwood_GPU_Kernels_GTX1650Ti_POCO_X7_Pro_v0.3\Dawnwood_GPU_v0.3\build\Release\dawnwood.exe" /INCREMENTAL:NO /NOLOGO Release\dawnwood_core.lib "C:\DawnwoodInteractive\tmp\validation_v04\vulkan-1.lib" kernel32.lib user32.lib gdi32.lib winspool.lib shell32.lib ole32.lib oleaut32.lib uuid.lib comdlg32.lib advapi32.lib /MANIFEST /MANIFESTUAC:"level='asInvoker' uiAccess='false'" /manifest:embed /PDB:"C:/DawnwoodInteractive/Dawnwood_GPU_Kernels_GTX1650Ti_POCO_X7_Pro_v0.3/Dawnwood_GPU_v0.3/build/Release/dawnwood.pdb" /SUBSYSTEM:CONSOLE /TLBID:1 /DYNAMICBASE /NXCOMPAT /IMPLIB:"C:/DawnwoodInteractive/Dawnwood_GPU_Kernels_GTX1650Ti_POCO_X7_Pro_v0.3/Dawnwood_GPU_v0.3/build/Release/dawnwood.lib" /MACHINE:X64  /machine:x64 dawnwood.dir\Release\main.obj
  dawnwood.vcxproj -> C:\DawnwoodInteractive\Dawnwood_GPU_Kernels_GTX1650Ti_POCO_X7_Pro_v0.3\Dawnwood_GPU_v0.3\build\Release\dawnwood.exe
FinalizeBuildStatus:
  Deleting file "dawnwood.dir\Release\dawnwood.tlog\unsuccessfulbuild".
  Touching "dawnwood.dir\Release\dawnwood.tlog\dawnwood.lastbuildstate".
Done Building Project "C:\DawnwoodInteractive\Dawnwood_GPU_Kernels_GTX1650Ti_POCO_X7_Pro_v0.3\Dawnwood_GPU_v0.3\build\dawnwood.vcxproj" (default targets).
PrepareForBuild:
  Structured output is enabled. The formatting of compiler diagnostics will reflect the error hierarchy. See https://aka.ms/cpp/structured-output for more details.
InitializeBuildStatus:
  Creating "x64\Release\ALL_BUILD\ALL_BUILD.tlog\unsuccessfulbuild" because "AlwaysCreate" was specified.
  Touching "x64\Release\ALL_BUILD\ALL_BUILD.tlog\unsuccessfulbuild".
CustomBuild:
  All outputs are up-to-date.
  Building Custom Rule C:/DawnwoodInteractive/Dawnwood_GPU_Kernels_GTX1650Ti_POCO_X7_Pro_v0.3/Dawnwood_GPU_v0.3/CMakeLists.txt
FinalizeBuildStatus:
  Deleting file "x64\Release\ALL_BUILD\ALL_BUILD.tlog\unsuccessfulbuild".
  Touching "x64\Release\ALL_BUILD\ALL_BUILD.tlog\ALL_BUILD.lastbuildstate".
Done Building Project "C:\DawnwoodInteractive\Dawnwood_GPU_Kernels_GTX1650Ti_POCO_X7_Pro_v0.3\Dawnwood_GPU_v0.3\build\ALL_BUILD.vcxproj" (default targets).

Build succeeded.

"C:\DawnwoodInteractive\Dawnwood_GPU_Kernels_GTX1650Ti_POCO_X7_Pro_v0.3\Dawnwood_GPU_v0.3\build\ALL_BUILD.vcxproj" (default target) (1) ->
"C:\DawnwoodInteractive\Dawnwood_GPU_Kernels_GTX1650Ti_POCO_X7_Pro_v0.3\Dawnwood_GPU_v0.3\build\dawnwood.vcxproj" (default target) (3) ->
"C:\DawnwoodInteractive\Dawnwood_GPU_Kernels_GTX1650Ti_POCO_X7_Pro_v0.3\Dawnwood_GPU_v0.3\build\dawnwood_core.vcxproj" (default target) (4) ->
(ClCompile target) -> 
  C:\DawnwoodInteractive\Dawnwood_GPU_Kernels_GTX1650Ti_POCO_X7_Pro_v0.3\Dawnwood_GPU_v0.3\src\vulkan.cpp(109,12): warning C4458: declaration of 'p' hides class member [C:\DawnwoodInteractive\Dawnwood_GPU_Kernels_GTX1650Ti_POCO_X7_Pro_v0.3\Dawnwood_GPU_v0.3\build\dawnwood_core.vcxproj]
  C:\DawnwoodInteractive\Dawnwood_GPU_Kernels_GTX1650Ti_POCO_X7_Pro_v0.3\Dawnwood_GPU_v0.3\src\vulkan.cpp(72,11): warning C4996: 'getenv': This function or variable may be unsafe. Consider using _dupenv_s instead. To disable deprecation, use _CRT_SECURE_NO_WARNINGS. See online help for details. [C:\DawnwoodInteractive\Dawnwood_GPU_Kernels_GTX1650Ti_POCO_X7_Pro_v0.3\Dawnwood_GPU_v0.3\build\dawnwood_core.vcxproj]

    2 Warning(s)
    0 Error(s)

Time Elapsed 00:00:07.61

