To honour the JVM settings for this build a single-use Daemon process will be forked. For more on this, please refer to https://docs.gradle.org/8.9/userguide/gradle_daemon.html#sec:disabling_the_daemon in the Gradle documentation.
Daemon will be stopped at the end of the build 
> Task :app:preBuild UP-TO-DATE
> Task :app:preDebugBuild UP-TO-DATE
> Task :app:mergeDebugNativeDebugMetadata NO-SOURCE
> Task :app:javaPreCompileDebug UP-TO-DATE
> Task :app:checkDebugAarMetadata UP-TO-DATE
> Task :app:generateDebugResValues UP-TO-DATE
> Task :app:mapDebugSourceSetPaths UP-TO-DATE
> Task :app:generateDebugResources UP-TO-DATE
> Task :app:mergeDebugResources UP-TO-DATE
> Task :app:packageDebugResources UP-TO-DATE
> Task :app:parseDebugLocalResources UP-TO-DATE
> Task :app:createDebugCompatibleScreenManifests UP-TO-DATE
> Task :app:extractDeepLinksDebug UP-TO-DATE
> Task :app:processDebugMainManifest UP-TO-DATE
> Task :app:processDebugManifest UP-TO-DATE
> Task :app:processDebugManifestForPackage UP-TO-DATE
> Task :app:processDebugResources UP-TO-DATE
> Task :app:compileDebugJavaWithJavac UP-TO-DATE
> Task :app:mergeDebugShaders UP-TO-DATE
> Task :app:compileDebugShaders NO-SOURCE
> Task :app:generateDebugAssets UP-TO-DATE
> Task :app:mergeDebugAssets UP-TO-DATE
> Task :app:compressDebugAssets UP-TO-DATE
> Task :app:desugarDebugFileDependencies UP-TO-DATE
> Task :app:dexBuilderDebug UP-TO-DATE
> Task :app:mergeDebugGlobalSynthetics UP-TO-DATE
> Task :app:processDebugJavaRes NO-SOURCE
> Task :app:mergeDebugJavaResource UP-TO-DATE
> Task :app:checkDebugDuplicateClasses UP-TO-DATE
> Task :app:mergeExtDexDebug UP-TO-DATE
> Task :app:mergeLibDexDebug UP-TO-DATE
> Task :app:mergeProjectDexDebug UP-TO-DATE
> Task :app:configureCMakeDebug[arm64-v8a]

> Task :app:buildCMakeDebug[arm64-v8a]
C/C++: ninja: Entering directory `C:\DawnwoodInteractive\Dawnwood_GPU_Kernels_GTX1650Ti_POCO_X7_Pro_v0.3\Dawnwood_GPU_v0.3\android\app\.cxx\Debug\485m6c6m\arm64-v8a'
C/C++: C:/DawnwoodInteractive/Dawnwood_GPU_Kernels_GTX1650Ti_POCO_X7_Pro_v0.3/Dawnwood_GPU_v0.3/src/vulkan.cpp:22:190: warning: missing field 'pNext' initializer [-Wmissing-field-initializers]
C/C++:    22 |  VkPhysicalDeviceProperties props{};VkPhysicalDeviceMemoryProperties memory{};VkPhysicalDeviceMemoryBudgetPropertiesEXT budget{VK_STRUCTURE_TYPE_PHYSICAL_DEVICE_MEMORY_BUDGET_PROPERTIES_EXT};
C/C++:       |                                                                                                                                                                                              ^
C/C++: C:/DawnwoodInteractive/Dawnwood_GPU_Kernels_GTX1650Ti_POCO_X7_Pro_v0.3/Dawnwood_GPU_v0.3/src/vulkan.cpp:43:73: warning: missing field 'pNext' initializer [-Wmissing-field-initializers]
C/C++:    43 |   b.size=size;VkBufferCreateInfo ci{VK_STRUCTURE_TYPE_BUFFER_CREATE_INFO};ci.size=size;ci.usage=usage;ci.sharingMode=VK_SHARING_MODE_EXCLUSIVE;check(vkCreateBuffer(device,&ci,nullptr,&b.handle),"vkCreateBuffer");
C/C++:       |                                                                         ^
C/C++: C:/DawnwoodInteractive/Dawnwood_GPU_Kernels_GTX1650Ti_POCO_X7_Pro_v0.3/Dawnwood_GPU_v0.3/src/vulkan.cpp:45:65: warning: missing field 'pNext' initializer [-Wmissing-field-initializers]
C/C++:    45 |   VkMemoryAllocateInfo ai{VK_STRUCTURE_TYPE_MEMORY_ALLOCATE_INFO};ai.allocationSize=req.size;ai.memoryTypeIndex=type;check(vkAllocateMemory(device,&ai,nullptr,&b.memory),"vkAllocateMemory");++allocationCount;b.allocated=req.size;b.heapIndex=memory.memoryTypes[type].heapIndex;heapAllocated[b.heapIndex]+=req.size;b.coherent=(memory.memoryTypes[type].propertyFlags&VK_MEMORY_PROPERTY_HOST_COHERENT_BIT)!=0;check(vkBindBufferMemory(device,b.handle,b.memory,0),"vkBindBufferMemory");
C/C++:       |                                                                 ^
C/C++: C:/DawnwoodInteractive/Dawnwood_GPU_Kernels_GTX1650Ti_POCO_X7_Pro_v0.3/Dawnwood_GPU_v0.3/src/vulkan.cpp:48:95: warning: missing field 'pNext' initializer [-Wmissing-field-initializers]
C/C++:    48 |   b.width=lutWidth;b.height=lutHeight;VkImageCreateInfo ci{VK_STRUCTURE_TYPE_IMAGE_CREATE_INFO};ci.imageType=VK_IMAGE_TYPE_2D;ci.format=VK_FORMAT_R32G32B32A32_UINT;ci.extent={lutWidth,lutHeight,1};ci.mipLevels=1;ci.arrayLayers=1;ci.samples=VK_SAMPLE_COUNT_1_BIT;ci.tiling=VK_IMAGE_TILING_OPTIMAL;ci.usage=VK_IMAGE_USAGE_SAMPLED_BIT|VK_IMAGE_USAGE_STORAGE_BIT|VK_IMAGE_USAGE_TRANSFER_SRC_BIT|VK_IMAGE_USAGE_TRANSFER_DST_BIT;ci.sharingMode=VK_SHARING_MODE_EXCLUSIVE;ci.initialLayout=VK_IMAGE_LAYOUT_UNDEFINED;check(vkCreateImage(device,&ci,nullptr,&b.handle),"vkCreateImage operator LUT");
C/C++:       |                                                                                               ^
C/C++: C:/DawnwoodInteractive/Dawnwood_GPU_Kernels_GTX1650Ti_POCO_X7_Pro_v0.3/Dawnwood_GPU_v0.3/src/vulkan.cpp:49:206: warning: missing field 'pNext' initializer [-Wmissing-field-initializers]
C/C++:    49 |   VkMemoryRequirements req{};vkGetImageMemoryRequirements(device,b.handle,&req);uint type=memory_type(req,VK_MEMORY_PROPERTY_DEVICE_LOCAL_BIT);VkMemoryAllocateInfo ai{VK_STRUCTURE_TYPE_MEMORY_ALLOCATE_INFO};ai.allocationSize=req.size;ai.memoryTypeIndex=type;check(vkAllocateMemory(device,&ai,nullptr,&b.memory),"vkAllocateMemory operator LUT");++allocationCount;b.allocated=req.size;b.heapIndex=memory.memoryTypes[type].heapIndex;heapAllocated[b.heapIndex]+=req.size;check(vkBindImageMemory(device,b.handle,b.memory,0),"vkBindImageMemory operator LUT");
C/C++:       |                                                                                                                                                                                                              ^
C/C++: C:/DawnwoodInteractive/Dawnwood_GPU_Kernels_GTX1650Ti_POCO_X7_Pro_v0.3/Dawnwood_GPU_v0.3/src/vulkan.cpp:50:68: warning: missing field 'pNext' initializer [-Wmissing-field-initializers]
C/C++:    50 |   VkImageViewCreateInfo vi{VK_STRUCTURE_TYPE_IMAGE_VIEW_CREATE_INFO};vi.image=b.handle;vi.viewType=VK_IMAGE_VIEW_TYPE_2D;vi.format=ci.format;vi.subresourceRange={VK_IMAGE_ASPECT_COLOR_BIT,0,1,0,1};check(vkCreateImageView(device,&vi,nullptr,&b.view),"vkCreateImageView operator LUT");
C/C++:       |                                                                    ^
C/C++: C:/DawnwoodInteractive/Dawnwood_GPU_Kernels_GTX1650Ti_POCO_X7_Pro_v0.3/Dawnwood_GPU_v0.3/src/vulkan.cpp:52:150: warning: missing field 'pNext' initializer [-Wmissing-field-initializers]
C/C++:    52 |  void begin(){check(vkResetCommandBuffer(command,0),"vkResetCommandBuffer");VkCommandBufferBeginInfo info{VK_STRUCTURE_TYPE_COMMAND_BUFFER_BEGIN_INFO};info.flags=VK_COMMAND_BUFFER_USAGE_ONE_TIME_SUBMIT_BIT;check(vkBeginCommandBuffer(command,&info),"vkBeginCommandBuffer");}
C/C++:       |                                                                                                                                                      ^
C/C++: C:/DawnwoodInteractive/Dawnwood_GPU_Kernels_GTX1650Ti_POCO_X7_Pro_v0.3/Dawnwood_GPU_v0.3/src/vulkan.cpp:53:170: warning: missing field 'pNext' initializer [-Wmissing-field-initializers]
C/C++:    53 |  void finish(){check(vkEndCommandBuffer(command),"vkEndCommandBuffer");check(vkResetFences(device,1,&fence),"vkResetFences");VkSubmitInfo s{VK_STRUCTURE_TYPE_SUBMIT_INFO};s.commandBufferCount=1;s.pCommandBuffers=&command;check(vkQueueSubmit(queue,1,&s,fence),"vkQueueSubmit");check(vkWaitForFences(device,1,&fence,VK_TRUE,UINT64_MAX),"vkWaitForFences");check_validation();}
C/C++:       |                                                                                                                                                                          ^
C/C++: C:/DawnwoodInteractive/Dawnwood_GPU_Kernels_GTX1650Ti_POCO_X7_Pro_v0.3/Dawnwood_GPU_v0.3/src/vulkan.cpp:54:152: warning: missing field 'pNext' initializer [-Wmissing-field-initializers]
C/C++:    54 |  void barrier(VkPipelineStageFlags from,VkPipelineStageFlags to,VkAccessFlags src,VkAccessFlags dst){VkMemoryBarrier b{VK_STRUCTURE_TYPE_MEMORY_BARRIER};b.srcAccessMask=src;b.dstAccessMask=dst;vkCmdPipelineBarrier(command,from,to,0,1,&b,0,nullptr,0,nullptr);}
C/C++:       |                                                                                                                                                        ^
C/C++: C:/DawnwoodInteractive/Dawnwood_GPU_Kernels_GTX1650Ti_POCO_X7_Pro_v0.3/Dawnwood_GPU_v0.3/src/vulkan.cpp:55:377: warning: missing field 'pNext' initializer [-Wmissing-field-initializers]
C/C++:    55 |  void stage_upload(const void* data,size_t payload,size_t transferred){void* map=nullptr;check(vkMapMemory(device,staging.memory,0,VK_WHOLE_SIZE,0,&map),"vkMapMemory upload");std::memcpy(map,data,payload);if(transferred>payload)std::memset(static_cast<char*>(map)+payload,0,transferred-payload);if(!staging.coherent){VkMappedMemoryRange r{VK_STRUCTURE_TYPE_MAPPED_MEMORY_RANGE};r.memory=staging.memory;r.size=VK_WHOLE_SIZE;check(vkFlushMappedMemoryRanges(device,1,&r),"vkFlushMappedMemoryRanges");}vkUnmapMemory(device,staging.memory);}
C/C++:       |                                                                                                                                                                                                                                                                                                                                                                                         ^
C/C++: C:/DawnwoodInteractive/Dawnwood_GPU_Kernels_GTX1650Ti_POCO_X7_Pro_v0.3/Dawnwood_GPU_v0.3/src/vulkan.cpp:56:226: warning: missing field 'pNext' initializer [-Wmissing-field-initializers]
C/C++:    56 |  void stage_read(void* data,size_t bytes){void* map=nullptr;check(vkMapMemory(device,staging.memory,0,VK_WHOLE_SIZE,0,&map),"vkMapMemory read");if(!staging.coherent){VkMappedMemoryRange r{VK_STRUCTURE_TYPE_MAPPED_MEMORY_RANGE};r.memory=staging.memory;r.size=VK_WHOLE_SIZE;check(vkInvalidateMappedMemoryRanges(device,1,&r),"vkInvalidateMappedMemoryRanges");}std::memcpy(data,map,bytes);vkUnmapMemory(device,staging.memory);}
C/C++:       |                                                                                                                                                                                                                                  ^
C/C++: C:/DawnwoodInteractive/Dawnwood_GPU_Kernels_GTX1650Ti_POCO_X7_Pro_v0.3/Dawnwood_GPU_v0.3/src/vulkan.cpp:57:230: warning: missing field 'pNext' initializer [-Wmissing-field-initializers]
C/C++:    57 |  void image_barrier(Image& image,VkImageLayout oldLayout,VkImageLayout newLayout,VkPipelineStageFlags from,VkPipelineStageFlags to,VkAccessFlags src,VkAccessFlags dst){VkImageMemoryBarrier b{VK_STRUCTURE_TYPE_IMAGE_MEMORY_BARRIER};b.srcAccessMask=src;b.dstAccessMask=dst;b.oldLayout=oldLayout;b.newLayout=newLayout;b.srcQueueFamilyIndex=VK_QUEUE_FAMILY_IGNORED;b.dstQueueFamilyIndex=VK_QUEUE_FAMILY_IGNORED;b.image=image.handle;b.subresourceRange={VK_IMAGE_ASPECT_COLOR_BIT,0,1,0,1};vkCmdPipelineBarrier(command,from,to,0,0,nullptr,0,nullptr,1,&b);}
C/C++:       |                                                                                                                                                                                                                                      ^
C/C++: C:/DawnwoodInteractive/Dawnwood_GPU_Kernels_GTX1650Ti_POCO_X7_Pro_v0.3/Dawnwood_GPU_v0.3/src/vulkan.cpp:68:187: warning: missing field 'pNext' initializer [-Wmissing-field-initializers]
C/C++:    68 |  VkPipeline pipeline(const uint32_t* words,size_t bytes,const char* passName){VkShaderModule module=VK_NULL_HANDLE;VkShaderModuleCreateInfo mi{VK_STRUCTURE_TYPE_SHADER_MODULE_CREATE_INFO};mi.codeSize=bytes;mi.pCode=words;check(vkCreateShaderModule(device,&mi,nullptr,&module),"vkCreateShaderModule");VkComputePipelineCreateInfo pi{VK_STRUCTURE_TYPE_COMPUTE_PIPELINE_CREATE_INFO};pi.layout=pipelineLayout;pi.stage.sType=VK_STRUCTURE_TYPE_PIPELINE_SHADER_STAGE_CREATE_INFO;pi.stage.stage=VK_SHADER_STAGE_COMPUTE_BIT;pi.stage.module=module;pi.stage.pName="main";VkPipeline result=VK_NULL_HANDLE;auto status=vkCreateComputePipelines(device,VK_NULL_HANDLE,1,&pi,nullptr,&result);vkDestroyShaderModule(device,module,nullptr);std::string context=std::string(passName)+" on "+props.deviceName;check(status,context.c_str());return result;}
C/C++:       |                                                                                                                                                                                           ^
C/C++: C:/DawnwoodInteractive/Dawnwood_GPU_Kernels_GTX1650Ti_POCO_X7_Pro_v0.3/Dawnwood_GPU_v0.3/src/vulkan.cpp:68:378: warning: missing field 'pNext' initializer [-Wmissing-field-initializers]
C/C++:    68 |  VkPipeline pipeline(const uint32_t* words,size_t bytes,const char* passName){VkShaderModule module=VK_NULL_HANDLE;VkShaderModuleCreateInfo mi{VK_STRUCTURE_TYPE_SHADER_MODULE_CREATE_INFO};mi.codeSize=bytes;mi.pCode=words;check(vkCreateShaderModule(device,&mi,nullptr,&module),"vkCreateShaderModule");VkComputePipelineCreateInfo pi{VK_STRUCTURE_TYPE_COMPUTE_PIPELINE_CREATE_INFO};pi.layout=pipelineLayout;pi.stage.sType=VK_STRUCTURE_TYPE_PIPELINE_SHADER_STAGE_CREATE_INFO;pi.stage.stage=VK_SHADER_STAGE_COMPUTE_BIT;pi.stage.module=module;pi.stage.pName="main";VkPipeline result=VK_NULL_HANDLE;auto status=vkCreateComputePipelines(device,VK_NULL_HANDLE,1,&pi,nullptr,&result);vkDestroyShaderModule(device,module,nullptr);std::string context=std::string(passName)+" on "+props.deviceName;check(status,context.c_str());return result;}
C/C++:       |                                                                                                                                                                                                                                                                                                                                                                                          ^
C/C++: C:/DawnwoodInteractive/Dawnwood_GPU_Kernels_GTX1650Ti_POCO_X7_Pro_v0.3/Dawnwood_GPU_v0.3/src/vulkan.cpp:70:59: warning: missing field 'pNext' initializer [-Wmissing-field-initializers]
C/C++:    70 |   VkApplicationInfo app{VK_STRUCTURE_TYPE_APPLICATION_INFO};app.pApplicationName="Dawnwood Interactive DWI-N1";app.applicationVersion=VK_MAKE_VERSION(0,5,0);app.apiVersion=VK_API_VERSION_1_1;
C/C++:       |                                                           ^
C/C++: C:/DawnwoodInteractive/Dawnwood_GPU_Kernels_GTX1650Ti_POCO_X7_Pro_v0.3/Dawnwood_GPU_v0.3/src/vulkan.cpp:71:65: warning: missing field 'pNext' initializer [-Wmissing-field-initializers]
C/C++:    71 |   VkInstanceCreateInfo ci{VK_STRUCTURE_TYPE_INSTANCE_CREATE_INFO};ci.pApplicationInfo=&app;const char* validation="VK_LAYER_KHRONOS_validation";
C/C++:       |                                                                 ^
C/C++: C:/DawnwoodInteractive/Dawnwood_GPU_Kernels_GTX1650Ti_POCO_X7_Pro_v0.3/Dawnwood_GPU_v0.3/src/vulkan.cpp:73:103: warning: missing field 'pNext' initializer [-Wmissing-field-initializers]
C/C++:    73 |   VkDebugUtilsMessengerCreateInfoEXT debugInfo{VK_STRUCTURE_TYPE_DEBUG_UTILS_MESSENGER_CREATE_INFO_EXT};
C/C++:       |                                                                                                       ^
C/C++: C:/DawnwoodInteractive/Dawnwood_GPU_Kernels_GTX1650Ti_POCO_X7_Pro_v0.3/Dawnwood_GPU_v0.3/src/vulkan.cpp:93:95: warning: missing field 'pNext' initializer [-Wmissing-field-initializers]
C/C++:    93 |   VkPhysicalDeviceMemoryProperties2 mem2{VK_STRUCTURE_TYPE_PHYSICAL_DEVICE_MEMORY_PROPERTIES_2};if(budgetAvailable)mem2.pNext=&budget;vkGetPhysicalDeviceMemoryProperties2(physical,&mem2);memory=mem2.memoryProperties;
C/C++:       |                                                                                               ^
C/C++: C:/DawnwoodInteractive/Dawnwood_GPU_Kernels_GTX1650Ti_POCO_X7_Pro_v0.3/Dawnwood_GPU_v0.3/src/vulkan.cpp:94:89: warning: missing field 'pNext' initializer [-Wmissing-field-initializers]
C/C++:    94 |   float priority=1;VkDeviceQueueCreateInfo qi{VK_STRUCTURE_TYPE_DEVICE_QUEUE_CREATE_INFO};qi.queueFamilyIndex=queueFamily;qi.queueCount=1;qi.pQueuePriorities=&priority;
C/C++:       |                                                                                         ^
C/C++: C:/DawnwoodInteractive/Dawnwood_GPU_Kernels_GTX1650Ti_POCO_X7_Pro_v0.3/Dawnwood_GPU_v0.3/src/vulkan.cpp:95:61: warning: missing field 'pNext' initializer [-Wmissing-field-initializers]
C/C++:    95 |   VkDeviceCreateInfo di{VK_STRUCTURE_TYPE_DEVICE_CREATE_INFO};di.queueCreateInfoCount=1;di.pQueueCreateInfos=&qi;const char* be=VK_EXT_MEMORY_BUDGET_EXTENSION_NAME;if(budgetAvailable){di.enabledExtensionCount=1;di.ppEnabledExtensionNames=&be;}check(vkCreateDevice(physical,&di,nullptr,&device),"vkCreateDevice");vkGetDeviceQueue(device,queueFamily,0,&queue);
C/C++:       |                                                             ^
C/C++: C:/DawnwoodInteractive/Dawnwood_GPU_Kernels_GTX1650Ti_POCO_X7_Pro_v0.3/Dawnwood_GPU_v0.3/src/vulkan.cpp:96:72: warning: missing field 'pNext' initializer [-Wmissing-field-initializers]
C/C++:    96 |   VkCommandPoolCreateInfo cp{VK_STRUCTURE_TYPE_COMMAND_POOL_CREATE_INFO};cp.queueFamilyIndex=queueFamily;cp.flags=VK_COMMAND_POOL_CREATE_RESET_COMMAND_BUFFER_BIT;check(vkCreateCommandPool(device,&cp,nullptr,&commandPool),"vkCreateCommandPool");VkCommandBufferAllocateInfo ca{VK_STRUCTURE_TYPE_COMMAND_BUFFER_ALLOCATE_INFO};ca.commandPool=commandPool;ca.level=VK_COMMAND_BUFFER_LEVEL_PRIMARY;ca.commandBufferCount=1;check(vkAllocateCommandBuffers(device,&ca,&command),"vkAllocateCommandBuffers");VkFenceCreateInfo fi{VK_STRUCTURE_TYPE_FENCE_CREATE_INFO};check(vkCreateFence(device,&fi,nullptr,&fence),"vkCreateFence");
C/C++:       |                                                                        ^
C/C++: C:/DawnwoodInteractive/Dawnwood_GPU_Kernels_GTX1650Ti_POCO_X7_Pro_v0.3/Dawnwood_GPU_v0.3/src/vulkan.cpp:96:322: warning: missing field 'pNext' initializer [-Wmissing-field-initializers]
C/C++:    96 |   VkCommandPoolCreateInfo cp{VK_STRUCTURE_TYPE_COMMAND_POOL_CREATE_INFO};cp.queueFamilyIndex=queueFamily;cp.flags=VK_COMMAND_POOL_CREATE_RESET_COMMAND_BUFFER_BIT;check(vkCreateCommandPool(device,&cp,nullptr,&commandPool),"vkCreateCommandPool");VkCommandBufferAllocateInfo ca{VK_STRUCTURE_TYPE_COMMAND_BUFFER_ALLOCATE_INFO};ca.commandPool=commandPool;ca.level=VK_COMMAND_BUFFER_LEVEL_PRIMARY;ca.commandBufferCount=1;check(vkAllocateCommandBuffers(device,&ca,&command),"vkAllocateCommandBuffers");VkFenceCreateInfo fi{VK_STRUCTURE_TYPE_FENCE_CREATE_INFO};check(vkCreateFence(device,&fi,nullptr,&fence),"vkCreateFence");
C/C++:       |                                                                                                                                                                                                                                                                                                                                  ^
C/C++: C:/DawnwoodInteractive/Dawnwood_GPU_Kernels_GTX1650Ti_POCO_X7_Pro_v0.3/Dawnwood_GPU_v0.3/src/vulkan.cpp:96:552: warning: missing field 'pNext' initializer [-Wmissing-field-initializers]
C/C++:    96 |   VkCommandPoolCreateInfo cp{VK_STRUCTURE_TYPE_COMMAND_POOL_CREATE_INFO};cp.queueFamilyIndex=queueFamily;cp.flags=VK_COMMAND_POOL_CREATE_RESET_COMMAND_BUFFER_BIT;check(vkCreateCommandPool(device,&cp,nullptr,&commandPool),"vkCreateCommandPool");VkCommandBufferAllocateInfo ca{VK_STRUCTURE_TYPE_COMMAND_BUFFER_ALLOCATE_INFO};ca.commandPool=commandPool;ca.level=VK_COMMAND_BUFFER_LEVEL_PRIMARY;ca.commandBufferCount=1;check(vkAllocateCommandBuffers(device,&ca,&command),"vkAllocateCommandBuffers");VkFenceCreateInfo fi{VK_STRUCTURE_TYPE_FENCE_CREATE_INFO};check(vkCreateFence(device,&fi,nullptr,&fence),"vkCreateFence");
C/C++:       |                                                                                                                                                                                                                                                                                                                                                                                                                                                                                                                                                                        ^
C/C++: C:/DawnwoodInteractive/Dawnwood_GPU_Kernels_GTX1650Ti_POCO_X7_Pro_v0.3/Dawnwood_GPU_v0.3/src/vulkan.cpp:97:68: warning: missing field 'pNext' initializer [-Wmissing-field-initializers]
C/C++:    97 |   VkSamplerCreateInfo sampler{VK_STRUCTURE_TYPE_SAMPLER_CREATE_INFO};sampler.magFilter=VK_FILTER_NEAREST;sampler.minFilter=VK_FILTER_NEAREST;sampler.mipmapMode=VK_SAMPLER_MIPMAP_MODE_NEAREST;sampler.addressModeU=VK_SAMPLER_ADDRESS_MODE_CLAMP_TO_EDGE;sampler.addressModeV=VK_SAMPLER_ADDRESS_MODE_CLAMP_TO_EDGE;sampler.addressModeW=VK_SAMPLER_ADDRESS_MODE_CLAMP_TO_EDGE;sampler.maxLod=0;check(vkCreateSampler(device,&sampler,nullptr,&lutSampler),"vkCreateSampler integer operator LUT");
C/C++:       |                                                                    ^
C/C++: C:/DawnwoodInteractive/Dawnwood_GPU_Kernels_GTX1650Ti_POCO_X7_Pro_v0.3/Dawnwood_GPU_v0.3/src/vulkan.cpp:104:89: warning: missing field 'pNext' initializer [-Wmissing-field-initializers]
C/C++:   104 |   VkDescriptorSetLayoutCreateInfo li{VK_STRUCTURE_TYPE_DESCRIPTOR_SET_LAYOUT_CREATE_INFO};li.bindingCount=bindingCount;li.pBindings=bindings;check(vkCreateDescriptorSetLayout(device,&li,nullptr,&descriptorLayout),"vkCreateDescriptorSetLayout");
C/C++:       |                                                                                         ^
C/C++: C:/DawnwoodInteractive/Dawnwood_GPU_Kernels_GTX1650Ti_POCO_X7_Pro_v0.3/Dawnwood_GPU_v0.3/src/vulkan.cpp:105:150: warning: missing field 'pNext' initializer [-Wmissing-field-initializers]
C/C++:   105 |   VkPushConstantRange push{VK_SHADER_STAGE_COMPUTE_BIT,0,sizeof(Config)};VkPipelineLayoutCreateInfo pli{VK_STRUCTURE_TYPE_PIPELINE_LAYOUT_CREATE_INFO};pli.setLayoutCount=1;pli.pSetLayouts=&descriptorLayout;pli.pushConstantRangeCount=1;pli.pPushConstantRanges=&push;check(vkCreatePipelineLayout(device,&pli,nullptr,&pipelineLayout),"vkCreatePipelineLayout");
C/C++:       |                                                                                                                                                      ^
C/C++: C:/DawnwoodInteractive/Dawnwood_GPU_Kernels_GTX1650Ti_POCO_X7_Pro_v0.3/Dawnwood_GPU_v0.3/src/vulkan.cpp:121:248: warning: missing field 'pNext' initializer [-Wmissing-field-initializers]
C/C++:   121 |   VkDescriptorPoolSize ps[3]={{VK_DESCRIPTOR_TYPE_STORAGE_BUFFER,splitEvolution?6u:4u},{VK_DESCRIPTOR_TYPE_COMBINED_IMAGE_SAMPLER,4},{VK_DESCRIPTOR_TYPE_STORAGE_IMAGE,2}};VkDescriptorPoolCreateInfo dpi{VK_STRUCTURE_TYPE_DESCRIPTOR_POOL_CREATE_INFO};dpi.maxSets=2;dpi.poolSizeCount=3;dpi.pPoolSizes=ps;check(vkCreateDescriptorPool(device,&dpi,nullptr,&descriptorPool),"vkCreateDescriptorPool");VkDescriptorSetLayout layouts[2]={descriptorLayout,descriptorLayout};VkDescriptorSetAllocateInfo da{VK_STRUCTURE_TYPE_DESCRIPTOR_SET_ALLOCATE_INFO};da.descriptorPool=descriptorPool;da.descriptorSetCount=2;da.pSetLayouts=layouts;check(vkAllocateDescriptorSets(device,&da,sets),"vkAllocateDescriptorSets");
C/C++:       |                                                                                                                                                                                                                                                        ^
C/C++: C:/DawnwoodInteractive/Dawnwood_GPU_Kernels_GTX1650Ti_POCO_X7_Pro_v0.3/Dawnwood_GPU_v0.3/src/vulkan.cpp:121:540: warning: missing field 'pNext' initializer [-Wmissing-field-initializers]
C/C++:   121 |   VkDescriptorPoolSize ps[3]={{VK_DESCRIPTOR_TYPE_STORAGE_BUFFER,splitEvolution?6u:4u},{VK_DESCRIPTOR_TYPE_COMBINED_IMAGE_SAMPLER,4},{VK_DESCRIPTOR_TYPE_STORAGE_IMAGE,2}};VkDescriptorPoolCreateInfo dpi{VK_STRUCTURE_TYPE_DESCRIPTOR_POOL_CREATE_INFO};dpi.maxSets=2;dpi.poolSizeCount=3;dpi.pPoolSizes=ps;check(vkCreateDescriptorPool(device,&dpi,nullptr,&descriptorPool),"vkCreateDescriptorPool");VkDescriptorSetLayout layouts[2]={descriptorLayout,descriptorLayout};VkDescriptorSetAllocateInfo da{VK_STRUCTURE_TYPE_DESCRIPTOR_SET_ALLOCATE_INFO};da.descriptorPool=descriptorPool;da.descriptorSetCount=2;da.pSetLayouts=layouts;check(vkAllocateDescriptorSets(device,&da,sets),"vkAllocateDescriptorSets");
C/C++:       |                                                                                                                                                                                                                                                                                                                                                                                                                                                                                                                                                            ^
C/C++: C:/DawnwoodInteractive/Dawnwood_GPU_Kernels_GTX1650Ti_POCO_X7_Pro_v0.3/Dawnwood_GPU_v0.3/src/vulkan.cpp:123:86: warning: missing field 'pNext' initializer [-Wmissing-field-initializers]
C/C++:   123 |   if(timestampBits){VkQueryPoolCreateInfo qp{VK_STRUCTURE_TYPE_QUERY_POOL_CREATE_INFO};qp.queryType=VK_QUERY_TYPE_TIMESTAMP;qp.queryCount=2;check(vkCreateQueryPool(device,&qp,nullptr,&queries),"vkCreateQueryPool");}
C/C++:       |                                                                                      ^
C/C++: 29 warnings generated.

> Task :app:mergeDebugJniLibFolders UP-TO-DATE
> Task :app:validateSigningDebug UP-TO-DATE
> Task :app:writeDebugAppMetadata UP-TO-DATE
> Task :app:writeDebugSigningConfigVersions UP-TO-DATE
> Task :app:mergeDebugNativeLibs
> Task :app:stripDebugDebugSymbols
> Task :app:packageDebug
> Task :app:createDebugApkListingFileRedirect UP-TO-DATE
> Task :app:assembleDebug

BUILD SUCCESSFUL in 18s
36 actionable tasks: 5 executed, 31 up-to-date
