{
  "operator_index": 256,
  "record": {
    "u": 0.5588549375534058,
    "v": 0.22278308868408203,
    "radius": 0.1850000023841858,
    "height": 0.25,
    "phase": 5.119999885559082,
    "gain": 0.10000000149011612,
    "coupling": 0.8999999761581421,
    "shear": -0.0978197380900383,
    "du": 0.006230327300727367,
    "dv": -0.0293459203094244,
    "mutationRate": 0.00019999999494757503,
    "reserved": -0.0,
    "program": 833,
    "seed": 4294967295,
    "kind": 256,
    "flags": 2779096485
  }
}
