[
  {
    "shader": "mutate",
    "bytes": 46636,
    "sha256": "66ca0d7a044f4b7370fd9cccfd396ebf7141120d5d2f268639ac4a6e45b66b8f",
    "spirv_validation_executed": true,
    "preserved_math_functions": [
      "dw_div(f1;f1;",
      "dw_sqrt(f1;",
      "dw_trig_reduce(f1;u1;",
      "dw_sin(f1;",
      "dw_cos(f1;",
      "dw_exp(f1;",
      "dw_shape(u1;f1;f1;f1;f1;f1;",
      "dw_body(f1;struct-Operator-f1-f1-f1-f1-f1-f1-f1-f1-f1-f1-f1-f1-u1-u1-u1-u11;",
      "dw_field(struct-State-f1-f1-f1-f1-f1-f1-f1-f1-f1-f1-f1-f1-f1-f1-f1-f1-f1-f1-f1-f1-f1-f1-f1-f1-u1-u1-u1-u1-f1-f1-f1-f11;struct-Operator-f1-f1-f1-f1-f1-f1-f1-f1-f1-f1-f1-f1-u1-u1-u1-u11;u1;",
      "dw_apply(struct-State-f1-f1-f1-f1-f1-f1-f1-f1-f1-f1-f1-f1-f1-f1-f1-f1-f1-f1-f1-f1-f1-f1-f1-f1-u1-u1-u1-u1-f1-f1-f1-f11;struct-Operator-f1-f1-f1-f1-f1-f1-f1-f1-f1-f1-f1-f1-u1-u1-u1-u11;f1;"
    ]
  },
  {
    "shader": "evolve",
    "bytes": 74920,
    "sha256": "e21dee428e61ed9d8e9e2d53493a3d408a24057c5dfed5a62b6fce2d726ece22",
    "spirv_validation_executed": true,
    "preserved_math_functions": [
      "dw_div(f1;f1;",
      "dw_sqrt(f1;",
      "dw_trig_reduce(f1;u1;",
      "dw_sin(f1;",
      "dw_cos(f1;",
      "dw_exp(f1;",
      "dw_shape(u1;f1;f1;f1;f1;f1;",
      "dw_body(f1;struct-Operator-f1-f1-f1-f1-f1-f1-f1-f1-f1-f1-f1-f1-u1-u1-u1-u11;",
      "dw_field(struct-State-f1-f1-f1-f1-f1-f1-f1-f1-f1-f1-f1-f1-f1-f1-f1-f1-f1-f1-f1-f1-f1-f1-f1-f1-u1-u1-u1-u1-f1-f1-f1-f11;struct-Operator-f1-f1-f1-f1-f1-f1-f1-f1-f1-f1-f1-f1-u1-u1-u1-u11;u1;",
      "dw_apply(struct-State-f1-f1-f1-f1-f1-f1-f1-f1-f1-f1-f1-f1-f1-f1-f1-f1-f1-f1-f1-f1-f1-f1-f1-f1-u1-u1-u1-u1-f1-f1-f1-f11;struct-Operator-f1-f1-f1-f1-f1-f1-f1-f1-f1-f1-f1-f1-u1-u1-u1-u11;f1;",
      "dw_geometry(struct-State-f1-f1-f1-f1-f1-f1-f1-f1-f1-f1-f1-f1-f1-f1-f1-f1-f1-f1-f1-f1-f1-f1-f1-f1-u1-u1-u1-u1-f1-f1-f1-f11;",
      "dw_derivative(struct-State-f1-f1-f1-f1-f1-f1-f1-f1-f1-f1-f1-f1-f1-f1-f1-f1-f1-f1-f1-f1-f1-f1-f1-f1-u1-u1-u1-u1-f1-f1-f1-f11;struct-Config-u1-u1-u1-u1-f1-f1-f1-f1-u1-u1-u1-u1-f1-f1-f1-f11;u1;"
    ]
  }
]
