Dawnwood Interactive | Tom Klootwijk | NL200678942 | 10-07-1990
NVIDIA GeForce RTX 5070 Ti Laptop GPU | compute 12.0 | 12820480000 bytes total | 11561598976 free
L2 37748736 | L2 persisting maximum 23592960 | shared/block 49152 | SMs 46
Packed 16 pages / 640 MiB
Packed 32 pages / 1280 MiB
Packed 48 pages / 1920 MiB
Packed 64 pages / 2560 MiB
Packed 80 pages / 3200 MiB
Packed 96 pages / 3840 MiB
Packed 112 pages / 4480 MiB
Packed 128 pages / 5120 MiB
Packed 144 pages / 5760 MiB
Packed 160 pages / 6400 MiB
Packed 176 pages / 7040 MiB
Packed 192 pages / 7680 MiB
Packed 208 pages / 8320 MiB
Packed 224 pages / 8960 MiB
Packed 240 pages / 9600 MiB
Packed 256 pages / 10240 MiB
Field: 269 pages | 4513071104 dichromatic token pairs | 11282677760 payload bytes | free 270532608
Hot shared per CTA: 6080 bytes; L2 preference enabled
Completed 8192 Psi intervals, 536870912 block updates; report results\optimization\capacity_rg8.json
