ELF Header:
  Magic:   7f 45 4c 46 02 01 01 00 00 00 00 00 00 00 00 00
  Class:                             ELF64
  Data:                              2's complement, little endian
  Version:                           1 (current)
  OS/ABI:                            UNIX - System V
  ABI Version:                       0
  Type:                              DYN (Shared object file)
  Machine:                           AArch64
  Version:                           0x1
  Entry point address:               0x0
  Start of program headers:          64 (bytes into file)
  Start of section headers:          7862672 (bytes into file)
  Flags:                             0x0
  Size of this header:               64 (bytes)
  Size of program headers:           56 (bytes)
  Number of program headers:         9
  Size of section headers:           64 (bytes)
  Number of section headers:         37
  Section header string table index: 35
Dynamic section at offset 0x10a658 contains 31 entries:
  Tag                Type              Name/Value
  0x0000000000000001 (NEEDED)          Shared library: [liblog.so]
  0x0000000000000001 (NEEDED)          Shared library: [libvulkan.so]
  0x0000000000000001 (NEEDED)          Shared library: [libm.so]
  0x0000000000000001 (NEEDED)          Shared library: [libdl.so]
  0x0000000000000001 (NEEDED)          Shared library: [libc.so]
  0x000000000000000e (SONAME)          Library soname: [libdawnwood_jni.so]
  0x000000000000001e (FLAGS)           BIND_NOW 
  0x000000006ffffffb (FLAGS_1)         NOW 
  0x0000000000000007 (RELA)            0x2a410
  0x0000000000000008 (RELASZ)          49680 (bytes)
  0x0000000000000009 (RELAENT)         24 (bytes)
  0x000000006fffe000 (ANDROID_RELR)    0x36620
  0x000000006fffe001 (ANDROID_RELRSZ)  0x200
  0x000000006fffe003 (ANDROID_RELRENT) 0x8
  0x0000000000000017 (JMPREL)          0x36820
  0x0000000000000002 (PLTRELSZ)        11448 (bytes)
  0x0000000000000003 (PLTGOT)          0x10eda8
  0x0000000000000014 (PLTREL)          RELA
  0x0000000000000006 (SYMTAB)          0x2f8
  0x000000000000000b (SYMENT)          24 (bytes)
  0x0000000000000005 (STRTAB)          0x114ac
  0x000000000000000a (STRSZ)           102240 (bytes)
  0x000000006ffffef5 (GNU_HASH)        0xde20
  0x0000000000000019 (INIT_ARRAY)      0x10e640
  0x000000000000001b (INIT_ARRAYSZ)    24 (bytes)
  0x000000000000001a (FINI_ARRAY)      0x10e630
  0x000000000000001c (FINI_ARRAYSZ)    16 (bytes)
  0x000000006ffffff0 (VERSYM)          0xcce8
  0x000000006ffffffe (VERNEED)         0xddbc
  0x000000006fffffff (VERNEEDNUM)      3
  0x0000000000000000 (NULL)            0x0
