{
  "profile": "DWI-N1-0.4",
  "environment": {
    "python": "3.12.6 (tags/v3.12.6:a4a2d2b, Sep  6 2024, 20:11:23) [MSC v.1940 64 bit (AMD64)]",
    "platform": "Windows-11-10.0.26200-SP0"
  },
  "python_tests": {
    "tests_run": 17,
    "failures": 0,
    "errors": 0,
    "passed": true
  },
  "cpu_tests_passed": true,
  "vulkan_device": {
    "name": "NVIDIA GeForce GTX 1650 Ti with Max-Q Design",
    "vendor_id": 4318,
    "device_id": 8085,
    "api_version": 4211000,
    "driver_version": 2438201344,
    "software_device": false,
    "validation_layer_enabled": false,
    "validation_errors": 0,
    "validation_warnings": 0,
    "memory_budget_extension": true,
    "texture_compression_BC": true,
    "BC5_sampled_image": true,
    "EAC_RG11_sampled_image": false,
    "ASTC_4x4_sampled_image": false,
    "max_compute_shared_memory_bytes": 49152,
    "max_storage_buffer_range": 4294967295,
    "allocated_buffer_bytes": 6208,
    "upload_bytes": 2112,
    "download_bytes": 0,
    "completed_epochs": 0,
    "advance_buffer_copy_commands": 0,
    "timer": "Vulkan device timestamps",
    "last_dispatch_seconds": 0,
    "last_wall_seconds": 0,
    "heaps": [
      {
        "index": 0,
        "size": 4126146560,
        "runtime_buffer_allocation_bytes": 0,
        "device_local": true,
        "budget_at_start": 3507224576,
        "usage_at_start": 0
      },
      {
        "index": 1,
        "size": 8466173952,
        "runtime_buffer_allocation_bytes": 1984,
        "device_local": false,
        "budget_at_start": 7774429799,
        "usage_at_start": 0
      },
      {
        "index": 2,
        "size": 224395264,
        "runtime_buffer_allocation_bytes": 4224,
        "device_local": true,
        "budget_at_start": 221376512,
        "usage_at_start": 3018752
      }
    ]
  },
  "vulkan_comparison_executed": true,
  "vulkan_comparison_passed": true,
  "checkpoint_replay_passed": true,
  "body_coverage_passed": true,
  "body_coverage": [
    {
      "operator_index": 0,
      "body_edit_record_changed": true,
      "numerical_state_changed": true
    },
    {
      "operator_index": 1,
      "body_edit_record_changed": true,
      "numerical_state_changed": true
    },
    {
      "operator_index": 2,
      "body_edit_record_changed": true,
      "numerical_state_changed": true
    },
    {
      "operator_index": 3,
      "body_edit_record_changed": true,
      "numerical_state_changed": true
    },
    {
      "operator_index": 4,
      "body_edit_record_changed": true,
      "numerical_state_changed": true
    },
    {
      "operator_index": 5,
      "body_edit_record_changed": true,
      "numerical_state_changed": true
    },
    {
      "operator_index": 6,
      "body_edit_record_changed": true,
      "numerical_state_changed": true
    },
    {
      "operator_index": 7,
      "body_edit_record_changed": true,
      "numerical_state_changed": true
    },
    {
      "operator_index": 8,
      "body_edit_record_changed": true,
      "numerical_state_changed": true
    },
    {
      "operator_index": 9,
      "body_edit_record_changed": true,
      "numerical_state_changed": true
    },
    {
      "operator_index": 10,
      "body_edit_record_changed": true,
      "numerical_state_changed": true
    },
    {
      "operator_index": 11,
      "body_edit_record_changed": true,
      "numerical_state_changed": true
    },
    {
      "operator_index": 12,
      "body_edit_record_changed": true,
      "numerical_state_changed": true
    },
    {
      "operator_index": 13,
      "body_edit_record_changed": true,
      "numerical_state_changed": true
    },
    {
      "operator_index": 14,
      "body_edit_record_changed": true,
      "numerical_state_changed": true
    },
    {
      "operator_index": 15,
      "body_edit_record_changed": true,
      "numerical_state_changed": true
    },
    {
      "operator_index": 16,
      "body_edit_record_changed": true,
      "numerical_state_changed": true
    },
    {
      "operator_index": 17,
      "body_edit_record_changed": true,
      "numerical_state_changed": true
    },
    {
      "operator_index": 18,
      "body_edit_record_changed": true,
      "numerical_state_changed": true
    },
    {
      "operator_index": 19,
      "body_edit_record_changed": true,
      "numerical_state_changed": true
    },
    {
      "operator_index": 20,
      "body_edit_record_changed": true,
      "numerical_state_changed": true
    },
    {
      "operator_index": 21,
      "body_edit_record_changed": true,
      "numerical_state_changed": true
    },
    {
      "operator_index": 22,
      "body_edit_record_changed": true,
      "numerical_state_changed": true
    },
    {
      "operator_index": 23,
      "body_edit_record_changed": true,
      "numerical_state_changed": true
    },
    {
      "operator_index": 24,
      "body_edit_record_changed": true,
      "numerical_state_changed": true
    },
    {
      "operator_index": 27,
      "body_edit_record_changed": true,
      "numerical_state_changed": true
    },
    {
      "operator_index": 28,
      "body_edit_record_changed": true,
      "numerical_state_changed": true
    },
    {
      "operator_index": 29,
      "body_edit_record_changed": true,
      "numerical_state_changed": true
    },
    {
      "operator_index": 30,
      "body_edit_record_changed": true,
      "numerical_state_changed": true
    }
  ],
  "packing_rmse": 9.440333572453023,
  "real_GTX_1650_Ti_test": true,
  "real_GTX_1650_Ti_passed": true,
  "real_POCO_test": false,
  "phone_note": "Only tools/test_phone.py can populate a connected-phone report; no phone result is inferred from shader compilation."
}
