--------- beginning of main
09-16 12:41:18.210 24000 24000 E Zygote  : process_name_ptr:24000 nl.dawnwood.kernel
09-16 12:41:18.210 24000 24000 E Zygote  : SetMemoryProtected process_name_ptr:24000 nl.dawnwood.kernel
09-16 12:41:18.221 24000 24000 I dawnwood.kernel: Late-enabling -Xcheck:jni
09-16 12:41:18.248 24000 24000 I dawnwood.kernel: Using generational CollectorTypeCMC GC.
09-16 12:41:18.261 24000 24000 D nativeloader: Load libframework-connectivity-tiramisu-jni.so using APEX ns com_android_tethering for caller /apex/com.android.tethering/javalib/framework-connectivity-t.jar: ok
--------- beginning of system
09-16 12:41:18.266 24000 24000 I ActivityThread: Current dynamic renderEngine type=0
09-16 12:41:18.289 24000 25555 D MiuiDownscaleImpl: set override inverted scale : 1.0
09-16 12:41:18.293 24000 24000 I RENDER_TURBO: onActivityThreadCreate not in white list, pkg=nl.dawnwood.kernel, type=rodin
09-16 12:41:18.303 24000 25555 D AppScoutStateMachine: 24000-ScoutStateMachinecreated
09-16 12:41:18.307 24000 24000 D ActivityThread: setEmbeddedParam packageName=nl.dawnwood.kernel processName=nl.dawnwood.kernel isEmbedded=false isIsolated=false
09-16 12:41:18.311 24000 24000 D nativeloader: Configuring clns-10 for other apk /data/app/~~G-MYq6CohuRzKwe-HLJRwg==/nl.dawnwood.kernel-PBsdQK9vnvzdBVr0Zdq3Ng==/base.apk. target_sdk_version=35, uses_libraries=, library_path=/data/app/~~G-MYq6CohuRzKwe-HLJRwg==/nl.dawnwood.kernel-PBsdQK9vnvzdBVr0Zdq3Ng==/lib/arm64:/data/app/~~G-MYq6CohuRzKwe-HLJRwg==/nl.dawnwood.kernel-PBsdQK9vnvzdBVr0Zdq3Ng==/base.apk!/lib/arm64-v8a, permitted_path=/data:/mnt/expand:/data/user/0/nl.dawnwood.kernel
09-16 12:41:18.312 24000 24000 D CompatChangeReporter: Compat change id reported: 202956589; UID 10432; state: ENABLED
09-16 12:41:18.315 24000 24000 I dawnwood.kernel: AssetManager2(0xb400007a1e076778) locale list changing from [] to [en-GB]
09-16 12:41:18.318 24000 24000 E MiuiPreloadClassImpl: invoke error.
09-16 12:41:18.319 24000 24000 D HWUI    : [HWUI] Flag vulkan_enhance_pipeline_cache enabled
09-16 12:41:18.319 24000 24000 D HWUI    : [HWUI] EnhanceVkPipelineCache is enabled
09-16 12:41:18.319 24000 24000 D HWUI    : [HWUI] Flag ddre enabled
09-16 12:41:18.320 24000 24000 V GraphicsEnvironment: Currently set values for:
09-16 12:41:18.320 24000 24000 V GraphicsEnvironment:   angle_gl_driver_selection_pkgs=[com.android.angle, com.linecorp.b612.android, com.campmobile.snow, com.google.android.apps.tachyon]
09-16 12:41:18.320 24000 24000 V GraphicsEnvironment:   angle_gl_driver_selection_values=[angle, native, native, native]
09-16 12:41:18.320 24000 24000 V GraphicsEnvironment: nl.dawnwood.kernel is not listed in per-application setting
09-16 12:41:18.320 24000 24000 V GraphicsEnvironment: ANGLE allowlist from config: 
09-16 12:41:18.320 24000 24000 V GraphicsEnvironment: nl.dawnwood.kernel is not listed in ANGLE allowlist or settings, returning default
09-16 12:41:18.320 24000 24000 V GraphicsEnvironment: App is not on the allowlist for updatable production driver.
09-16 12:41:18.330 24000 25564 D MiuiMonitorThread: Shared singleton Thread for stability monitor start
09-16 12:41:18.331 24000 24000 D ResMonitorStub: The current process type is: third_party_app, process name is: nl.dawnwood.kernel
09-16 12:41:18.335 24000 25564 I ActivityThread: TrafficStats init done
09-16 12:41:18.336 24000 25564 I ForceDarkHelperStubImpl: initialize for nl.dawnwood.kernel , ForceDarkOrigin
09-16 12:41:18.337 24000 25564 D nativeloader: Load libforcedarkimpl.so using system ns (caller=/system_ext/framework/miui-framework.jar): ok
09-16 12:41:18.337 24000 25564 D HWUI    : JNI_OnLoad success
09-16 12:41:18.337 24000 25564 I MiuiForceDarkConfig: setConfig density:3.250000, mainRule:0, secondaryRule:0, tertiaryRule:0
09-16 12:41:18.341 24000 25564 E ashmem  : Pinning is deprecated since Android Q. Please use trim or other methods.
09-16 12:41:18.346 24000 25564 I ActivityThread: Miui Feature Init done
09-16 12:41:18.354 24000 24000 D HWUI    : [HWUI] Flag vulkan_enhance_pipeline_cache enabled
09-16 12:41:18.354 24000 24000 D HWUI    : [HWUI] EnhanceVkPipelineCache is enabled
09-16 12:41:18.354 24000 24000 D HWUI    : [HWUI] Flag ddre enabled
09-16 12:41:18.354 24000 24000 D dawnwood.kernel: blurUtils, initBackgroundBlurMinInterval processName(nl.dawnwood.kernel), inWhiteLists(0)
09-16 12:41:18.356 24000 25596 I DisplayManager: Choreographer implicitly registered for the refresh rate.
09-16 12:41:18.357 24000 25564 I ActivityThread: HardwareRenderer preload  done
09-16 12:41:18.365 24000 25596 W libc    : Access denied finding property "vendor.mivk.log.debug"
09-16 12:41:18.365 24000 25596 D vulkan  : searching for layers in '/data/app/~~G-MYq6CohuRzKwe-HLJRwg==/nl.dawnwood.kernel-PBsdQK9vnvzdBVr0Zdq3Ng==/lib/arm64'
09-16 12:41:18.365 24000 25596 D vulkan  : searching for layers in '/data/app/~~G-MYq6CohuRzKwe-HLJRwg==/nl.dawnwood.kernel-PBsdQK9vnvzdBVr0Zdq3Ng==/base.apk!/lib/arm64-v8a'
09-16 12:41:18.368 24000 25596 D MMUD    : mtk_memory_debug_init nl.dawnwood.kernel 0xb400007c07ff0230
09-16 12:41:18.368 24000 25596 I MMUD    : [MEMPROF] Memory instrumentation via debugfs (Experimental) enabled 0
09-16 12:41:18.374 24000 24000 I dawnwood.kernel: AssetManager2(0xb400007a1e07c858) locale list changing from [] to [en-GB]
09-16 12:41:18.375 24000 25596 I libEGL  : shader cache num entries: 4
09-16 12:41:18.376 24000 25596 D HWUI    : [HWUI] Flag vulkan_enhance_pipeline_cache enabled
09-16 12:41:18.376 24000 25596 D HWUI    : [HWUI] EnhanceVkPipelineCache is enabled
09-16 12:41:18.376 24000 25596 D HWUI    : [HWUI] Flag ddre enabled
09-16 12:41:18.376 24000 25596 D SKIA    : [Skia] Flag vulkan_enhance_pipeline_cache enabled
09-16 12:41:18.376 24000 25596 D SKIA    : [Skia] EnhanceVkPipelineCache is true
09-16 12:41:18.378 24000 24000 D nativeloader: Load /data/app/~~G-MYq6CohuRzKwe-HLJRwg==/nl.dawnwood.kernel-PBsdQK9vnvzdBVr0Zdq3Ng==/base.apk!/lib/arm64-v8a/libdawnwood_jni.so using class loader ns clns-10 (caller=/data/app/~~G-MYq6CohuRzKwe-HLJRwg==/nl.dawnwood.kernel-PBsdQK9vnvzdBVr0Zdq3Ng==/base.apk!classes2.dex): ok
09-16 12:41:18.389 24000 24000 D CompatChangeReporter: Compat change id reported: 279646685; UID 10432; state: ENABLED
09-16 12:41:18.391 24000 24000 D CompatChangeReporter: Compat change id reported: 63938206; UID 10432; state: ENABLED
09-16 12:41:18.404 24000 24000 D CompatChangeReporter: Compat change id reported: 352594277; UID 10432; state: ENABLED
09-16 12:41:18.414 24000 24000 D ScrollerOptimizationManager: registerConfigChangedListener
09-16 12:41:18.418 24000 24000 D SplineOverScroller: dynamic params is false
09-16 12:41:18.422 24000 24000 D CompatChangeReporter: Compat change id reported: 309578419; UID 10432; state: ENABLED
09-16 12:41:18.423 24000 24000 D DesktopModeFlags: Toggle override initialized to: OVERRIDE_UNSET
09-16 12:41:18.426 24000 24000 D DecorView: updateFreeformOutlineFromActivity, inFreeform=false,inFreeformWindowMode=false
09-16 12:41:18.433 24000 24000 D Activity: Activity = ActivityInfo{1d30f70 nl.dawnwood.kernel.MainActivity}, Resume onConfigurationChanged = {1.0 204mcc16mnc [en_GB,en_NL,nl_NL] ldltr sw375dp w375dp h834dp 520dpi nrml long hdr widecg port night finger -keyb/v/h -nav/h winConfig={ mBounds=Rect(0, 0 - 1220, 2712) mAppBounds=Rect(0, 0 - 1220, 2712) mMaxBounds=Rect(0, 0 - 1220, 2712) mDisplayRotation=ROTATION_0 mWindowingMode=fullscreen mActivityType=standard mAlwaysOnTop=undefined mRotation=ROTATION_0 mInSplitScreen=false letterBoxed=false foScaled=false isSpecificEmbedded=false embeddingScale=1.0} s.2 fontWeightAdjustment=0/d/0 themeChanged=0 themeChangedFlags=0 display=0 extraData = Bundle[{}] screenType=0/0}
09-16 12:41:18.438 24000 25624 D MMUD    : mtk_memory_debug_init nl.dawnwood.kernel 0xb400007c07cee230
09-16 12:41:18.443 24000 24000 D nativeloader: Load libpowerhalwrap_jni.so using system ns (caller=/system_ext/framework/mediatek-framework.jar): ok
09-16 12:41:18.443 24000 24000 I PowerHalWrapper: PowerHalWrapper.getInstance 
09-16 12:41:18.443 24000 24000 I PowerHalWrapper: PowerHalWrapper.getInstance 
09-16 12:41:18.443 24000 24000 I M-ProMotion: M-ProMotion is disabled
09-16 12:41:18.445 24000 24000 I SurfaceFactory: [static] sSurfaceFactory = com.mediatek.view.impl.SurfaceFactoryImpl@b5a7407
09-16 12:41:18.449 24000 24000 D RenderLite: trim renderNode enable: false
09-16 12:41:18.450 24000 25631 I PowerHalWrapper: PowerHalWrapper.getInstance 
09-16 12:41:18.451 24000 24000 D CompatChangeReporter: Compat change id reported: 349153669; UID 10432; state: ENABLED
09-16 12:41:18.452 24000 24000 D FramePredict: FramePredict init: false
09-16 12:41:18.453 24000 24000 D FramePredict: init success
09-16 12:41:18.454 24000 24000 W libc    : Access denied finding property "ro.vendor.perf.scroll_opt"
09-16 12:41:18.454 24000 25641 E FramePredict: registerContentObserver fail
09-16 12:41:18.456 24000 24000 E MI-PreRender: init cloud whiteList failed
09-16 12:41:18.459 24000 24000 D dawnwood.kernel: MiuiProcessManagerServiceStub setSchedFifo
09-16 12:41:18.459 24000 24000 I MiuiProcessManagerImpl: setSchedFifo pid:24000, mode:3
09-16 12:41:18.461 24000 25596 W libc    : Access denied finding property "ro.vendor.display.iris_x7.support"
09-16 12:41:18.461 24000 25596 I pwIrisCR: isCnVersion = 0, isSupportIris = 0
09-16 12:41:18.463 24000 25596 D HWUI    : TAG_DDRE, CanvasContext::setDdreActivities: 
09-16 12:41:18.469 24000 24000 W InsetsSource: Has no intersection or mTmpFrame.height(), return Insets.NONE mTmpFrame.height() =0 hasIntersection =false
09-16 12:41:18.469 24000 24000 W InsetsSource: Has no intersection or mTmpFrame.height(), return Insets.NONE mTmpFrame.height() =0 hasIntersection =false
09-16 12:41:18.469 24000 24000 W InsetsSource: Has no intersection or mTmpFrame.height(), return Insets.NONE mTmpFrame.height() =0 hasIntersection =false
09-16 12:41:18.470 24000 24000 D InputEventReceiver: Input log is disabled in InputEventReceiver.
09-16 12:41:18.472 24000 25605 D MMUD    : get_leak_baseline 3246391296
09-16 12:41:18.473 24000 24000 D DecorViewImmersiveImpl: onAttachedToWindow. pkg: nl.dawnwood.kernel
09-16 12:41:18.474 24000 24000 I ComputilityLevel: getComputilityLevel(): 4
09-16 12:41:18.474 24000 24000 D DecorViewImmersiveImpl: nl.dawnwood.kernel.MainActivity@ab8da46 already set forced E2E by app
09-16 12:41:18.475 24000 24000 W InsetsSource: Has no intersection or mTmpFrame.height(), return Insets.NONE mTmpFrame.height() =0 hasIntersection =false
09-16 12:41:18.475 24000 24000 W InsetsSource: Has no intersection or mTmpFrame.height(), return Insets.NONE mTmpFrame.height() =0 hasIntersection =false
09-16 12:41:18.475 24000 24000 W InsetsSource: Has no intersection or mTmpFrame.height(), return Insets.NONE mTmpFrame.height() =0 hasIntersection =false
09-16 12:41:18.475 24000 24000 W InsetsSource: Has no intersection or mTmpFrame.height(), return Insets.NONE mTmpFrame.height() =0 hasIntersection =false
09-16 12:41:18.491 24000 24000 W InsetsSource: Has no intersection or mTmpFrame.height(), return Insets.NONE mTmpFrame.height() =0 hasIntersection =false
09-16 12:41:18.491 24000 24000 W InsetsSource: Has no intersection or mTmpFrame.height(), return Insets.NONE mTmpFrame.height() =0 hasIntersection =false
09-16 12:41:18.491 24000 24000 W InsetsSource: Has no intersection or mTmpFrame.height(), return Insets.NONE mTmpFrame.height() =0 hasIntersection =false
09-16 12:41:18.493 24000 24000 E dawnwood.kernel: [perfctl] 24000 24000 FPSGO ver:7
09-16 12:41:18.493 24000 24000 E dawnwood.kernel: [perfctl] 1 1 1 0
09-16 12:41:18.493 24000 24000 D BufferQueueConsumer: [](id:5dc000000000,api:0,p:-1,c:24000) connect: controlledByApp=false
09-16 12:41:18.494 24000 24000 D BLASTBufferQueue: [VRI[MainActivity]#0](f:0,a:0) constructor()
09-16 12:41:18.494 24000 24000 D BLASTBufferQueue: [VRI[MainActivity]#0](f:0,a:0) update width=1220 height=2712 format=-1 mTransformHint=0
09-16 12:41:18.499 24000 24000 D VRI[MainActivity]: vri.Setup new sync=wmsSync-VRI[MainActivity]#0
09-16 12:41:18.524 24000 25596 I GrallocExtra: gralloc_extra_query:is_SW3D 0
09-16 12:41:18.531 24000 25596 I SKIA    : CreateGraphicsPipeline pipeline cache hit. elpased time: 0.18 ms.
09-16 12:41:18.532 24000 25596 I SKIA    : CreateGraphicsPipeline pipeline cache hit. elpased time: 0.09 ms.
09-16 12:41:18.532 24000 25596 I SKIA    : CreateGraphicsPipeline pipeline cache hit. elpased time: 0.07 ms.
09-16 12:41:18.533 24000 25596 I GrallocExtra: gralloc_extra_query:is_SW3D 0
09-16 12:41:18.533 24000 25596 W libc    : Access denied finding property "ro.vendor.display.iris_x7.support"
09-16 12:41:18.533 24000 25596 D BLASTBufferQueue: [VRI[MainActivity]#0](f:0,a:1) acquireNextBufferLocked size=1220x2712 mFrameNumber=1 applyTransaction=true mTimestamp=2116436206846456(auto) mPendingTransactions.size=0 graphicBufferId=103079215104003 transform=0
09-16 12:41:18.534 24000 24000 D VRI[MainActivity]: vri.reportDrawFinished 0 0 Rect(0, 0 - 1220, 2712)
09-16 12:41:18.535 24000 24000 I NativeTurboSchedManager: Load libmiui_runtime
09-16 12:41:18.536 24000 25596 D HWUI    : [HWUI] Flag vulkan_enhance_pipeline_cache enabled
09-16 12:41:18.536 24000 25596 D HWUI    : [HWUI] EnhanceVkPipelineCache is enabled
09-16 12:41:18.536 24000 25596 D HWUI    : [HWUI] Flag ddre enabled
09-16 12:41:18.541 24000 24000 W InsetsSource: Has no intersection or mTmpFrame.height(), return Insets.NONE mTmpFrame.height() =0 hasIntersection =false
09-16 12:41:18.541 24000 24000 W InsetsSource: Has no intersection or mTmpFrame.height(), return Insets.NONE mTmpFrame.height() =0 hasIntersection =false
09-16 12:41:18.541 24000 24000 W InsetsSource: Has no intersection or mTmpFrame.height(), return Insets.NONE mTmpFrame.height() =0 hasIntersection =false
09-16 12:41:18.568 24000 24000 I HandWritingStubImpl: refreshLastKeyboardType: 1
09-16 12:41:18.569 24000 24000 I HandWritingStubImpl: getCurrentKeyboardType: 1
09-16 12:41:18.575 24000 24000 D InsetsController: hide(ime(), fromIme=false)
09-16 12:41:18.575 24000 24000 I ImeTracker: nl.dawnwood.kernel:ff0ec419: onCancelled at PHASE_CLIENT_ALREADY_HIDDEN
09-16 12:41:18.575 24000 24000 I HandWritingStubImpl: getCurrentKeyboardType: 1
09-16 12:41:18.593 24000 24000 W InsetsSource: Has no intersection or mTmpFrame.height(), return Insets.NONE mTmpFrame.height() =0 hasIntersection =false
09-16 12:41:18.593 24000 24000 W InsetsSource: Has no intersection or mTmpFrame.height(), return Insets.NONE mTmpFrame.height() =0 hasIntersection =false
09-16 12:41:18.593 24000 24000 W InsetsSource: Has no intersection or mTmpFrame.height(), return Insets.NONE mTmpFrame.height() =0 hasIntersection =false
09-16 12:41:19.117 24000 25548 I dawnwood.kernel: Compiler allocated 6807KB to compile void android.view.ViewRootImpl.performTraversals()
09-16 12:41:19.397 24000 25624 I scudo   : Can't populate more pages for size class 4624.
09-16 12:41:19.647 24000 25624 I scudo   : Can't populate more pages for size class 7120.
09-16 12:41:19.857 24000 25624 I scudo   : Can't populate more pages for size class 8720.
09-16 12:41:20.024 24000 25624 I scudo   : Can't populate more pages for size class 11664.
09-16 12:41:20.174 24000 25624 I scudo   : Can't populate more pages for size class 14224.
09-16 12:41:20.315 24000 25624 I scudo   : Can't populate more pages for size class 16400.
09-16 12:41:20.446 24000 25624 I scudo   : Can't populate more pages for size class 18448.
09-16 12:41:20.562 24000 25624 I scudo   : Can't populate more pages for size class 23056.
09-16 12:41:20.667 24000 25624 I scudo   : Can't populate more pages for size class 29456.
09-16 12:41:20.754 24000 25624 I scudo   : Can't populate more pages for size class 33296.
09-16 12:41:20.830 24000 25624 I scudo   : Can't populate more pages for size class 65552.
09-16 12:41:21.379 24000 25624 I scudo   : Scudo ERROR: internal map failure (error desc=Out of memory)
09-16 12:41:21.379 24000 25624 I libc    : handling signal: 6
09-16 12:41:21.383 24000 25624 W libc    : Access denied finding property "ro.vendor.api_level"
--------- beginning of crash
09-16 12:41:21.383 24000 25624 F libc    : Fatal signal 6 (SIGABRT), code -1 (SI_QUEUE) in tid 25624 (pool-4-thread-1), pid 24000 (dawnwood.kernel)
09-16 12:41:21.383 24000 25624 I libc    : debuggerd_dispatch_pseudothread start. crashing tid: 25624
09-16 12:41:21.546 24000 25624 I libc    : crash_dump pid: 25816
09-16 12:41:22.034 24000 25555 W libc    : pthread_create failed: couldn't allocate 1064960-bytes mapped space: Out of memory
09-16 12:41:22.034 24000 25555 E libutils.threads: androidCreateRawThreadEtc failed (entry=0x7bf52e819c, res=11, Success)
09-16 12:41:22.034 24000 25555 E libutils.threads: (android threadPriority=0)
09-16 12:41:22.034 24000 25555 D ActivityThread: invoke error.
09-16 12:41:23.471 24000 24000 W libc    : calloc(1, 4164) failed: returning null pointer
